// Jest Snapshot v1, https://goo.gl/fbAQLP

exports[`App should render correctly 1`] = `
<div
  id="container"
>
  <div
    id="details_section"
  />
  <div
    id="controls_section"
  />
  <div
    id="overview_section"
  />
</div>
`;
